2026-09-30 03:29:28.188 INFO    SCRIPTING (Main): AUTHORED_BEHAVIOR count=1 selected=10302 group=10202 unrelated=10303 cached_selected_alive=true cached_group_alive=true occupied_flag=73 native_flag=0 unrelated_x=-312339.0464012 unrelated_z=898490.54804659
2026-09-30 03:29:38.192 INFO    SCRIPTING (Main): AUTHORED_BEHAVIOR count=2 selected=10302 group=10202 unrelated=10303 cached_selected_alive=true cached_group_alive=true occupied_flag=73 native_flag=17 unrelated_x=-312009.61288291 unrelated_z=896266.89540672
2026-09-30 03:29:48.189 INFO    SCRIPTING (Main): AUTHORED_BEHAVIOR count=3 selected=10302 group=10202 unrelated=10303 cached_selected_alive=true cached_group_alive=true occupied_flag=73 native_flag=17 unrelated_x=-311679.88011199 unrelated_z=894041.22414875
2026-09-30 03:30:33.076 INFO    SCRIPTING (Main): PREPARED_BEHAVIOR owned_flag=DCSR_PROBE_2_READY authored_flag=73
2026-09-30 03:30:50.773 INFO    SCRIPTING (Main): AUTHORED_BEHAVIOR count=1 selected=10302 group=10202 unrelated=10303 cached_selected_alive=true cached_group_alive=true occupied_flag=73 native_flag=0 unrelated_x=-312339.0464012 unrelated_z=898490.54804659
2026-09-30 03:31:00.772 INFO    SCRIPTING (Main): AUTHORED_BEHAVIOR count=2 selected=10302 group=10202 unrelated=10303 cached_selected_alive=true cached_group_alive=true occupied_flag=73 native_flag=17 unrelated_x=-312009.61288291 unrelated_z=896266.89540672
2026-09-30 03:31:10.769 INFO    SCRIPTING (Main): AUTHORED_BEHAVIOR count=3 selected=10302 group=10202 unrelated=10303 cached_selected_alive=true cached_group_alive=true occupied_flag=73 native_flag=17 unrelated_x=-311679.88011199 unrelated_z=894041.22414875
2026-09-30 03:32:30.672 INFO    SCRIPTING (Main): PREPARED_BEHAVIOR owned_flag=DCSR_PROBE_2_READY authored_flag=73
2026-09-30 03:32:47.453 INFO    SCRIPTING (Main): AUTHORED_BEHAVIOR count=1 selected=10302 group=10202 unrelated=10303 cached_selected_alive=true cached_group_alive=true occupied_flag=73 native_flag=0 unrelated_x=-312339.0464012 unrelated_z=898490.54804659
2026-09-30 03:32:57.452 INFO    SCRIPTING (Main): AUTHORED_BEHAVIOR count=2 selected=10302 group=10202 unrelated=10303 cached_selected_alive=true cached_group_alive=true occupied_flag=73 native_flag=17 unrelated_x=-312009.61288291 unrelated_z=896266.89540672
2026-09-30 03:33:07.452 INFO    SCRIPTING (Main): AUTHORED_BEHAVIOR count=3 selected=10302 group=10202 unrelated=10303 cached_selected_alive=true cached_group_alive=true occupied_flag=73 native_flag=17 unrelated_x=-311679.88011199 unrelated_z=894041.22414875
2026-09-30 03:35:44.105 INFO    SCRIPTING (Main): PREPARED_BEHAVIOR owned_flag=DCSR_PROBE_2_READY authored_flag=73
2026-09-30 03:35:52.926 INFO    SCRIPTING (Main): AUTHORED_BEHAVIOR count=1 selected=10302 group=10202 unrelated=10303 cached_selected_alive=true cached_group_alive=true occupied_flag=73 native_flag=0 unrelated_x=-312339.0464012 unrelated_z=898490.54804659
2026-09-30 03:36:03.180 INFO    SCRIPTING (Main): AUTHORED_BEHAVIOR count=2 selected=10302 group=10202 unrelated=10303 cached_selected_alive=true cached_group_alive=true occupied_flag=73 native_flag=17 unrelated_x=-312009.61288291 unrelated_z=896266.89540672
2026-09-30 03:36:13.178 INFO    SCRIPTING (Main): AUTHORED_BEHAVIOR count=3 selected=10302 group=10202 unrelated=10303 cached_selected_alive=true cached_group_alive=true occupied_flag=73 native_flag=17 unrelated_x=-311679.88011199 unrelated_z=894041.22414875
2026-09-30 03:38:19.645 INFO    SCRIPTING (Main): PREPARED_BEHAVIOR owned_flag=DCSR_PROBE_2_READY authored_flag=73
2026-09-30 03:38:26.028 INFO    SCRIPTING (Main): AUTHORED_BEHAVIOR count=1 selected=10302 group=10202 unrelated=10303 cached_selected_alive=true cached_group_alive=true occupied_flag=73 native_flag=0 unrelated_x=-312339.0464012 unrelated_z=898490.54804659
2026-09-30 03:38:32.025 INFO    SCRIPTING (Main): REPLACEMENT_BEHAVIOR before cached_unit_alive=true cached_group_alive=true current_unit=10302 current_group=10202
2026-09-30 03:38:32.025 INFO    SCRIPTING (Main): REPLACEMENT_BEHAVIOR removed cached_unit_alive=true cached_group_alive=true current_unit=10302 current_group=10202
2026-09-30 03:38:32.028 INFO    SCRIPTING (Main): REPLACEMENT_BEHAVIOR replaced cached_unit_alive=false cached_group_alive=true current_unit=10302 current_group=10402
2026-09-30 03:38:32.029 INFO    SCRIPTING (Main): REPLACEMENT_EVENT id=15 unit=10302
2026-09-30 03:38:32.029 INFO    SCRIPTING (Main): REPLACEMENT_EVENT id=18 unit=10302
2026-09-30 03:38:36.024 INFO    SCRIPTING (Main): AUTHORED_BEHAVIOR count=2 selected=10302 group=10402 unrelated=10303 cached_selected_alive=false cached_group_alive=false occupied_flag=73 native_flag=17 unrelated_x=-312009.61288291 unrelated_z=896266.89540672
2026-09-30 03:38:42.028 INFO    SCRIPTING (Main): REPLACEMENT_BEHAVIOR later cached_unit_alive=false cached_group_alive=false current_unit=10302 current_group=10402
2026-09-30 03:38:46.026 INFO    SCRIPTING (Main): AUTHORED_BEHAVIOR count=3 selected=10302 group=10402 unrelated=10303 cached_selected_alive=false cached_group_alive=false occupied_flag=73 native_flag=17 unrelated_x=-311679.88011199 unrelated_z=894041.22414875
